; created_at: 2019-06-11T16:52:06+09:00
; name: | c1 | c2 |
; type: | text | text |
| 1 | Orange |
| 2 | Melon |
| 3 | Apple |
